// Vitest Snapshot v1, https://vitest.dev/guide/snapshot.html

exports[`should convert the tldr file to a png when specified 1`] = `"9fb348e37e574a11d5948b7c89d26479090e038383b7260e16018bec7b696b99"`;

exports[`should convert the tldr file to an svg in the current folder by default 1`] = `"e48f33d96c7cf113b4fafed71bc8e38bce540eef9bf56d0e2a93adad9c3e9c2b"`;

exports[`should convert the tldr file to an svg when specified 1`] = `"e48f33d96c7cf113b4fafed71bc8e38bce540eef9bf56d0e2a93adad9c3e9c2b"`;

exports[`should export each frame individually if --frames is set 1`] = `"51d9a936101fc6aa78fa1999b092e8f279ae7beab1a9a44524dafbb8c3b8376e"`;

exports[`should export each frame individually if --frames is set 2`] = `"250e7f2f12af43627b8325543635c9a93c236cac33688ca9f0f885dd1b9a2f3d"`;

exports[`should export each frame individually if --frames is set 3`] = `"e8df2f859cc94d8ca5b4c7653775499616666d1fd4bca0d99c7699cb9e1db009"`;

exports[`should export specific frames by id 1`] = `"e8df2f859cc94d8ca5b4c7653775499616666d1fd4bca0d99c7699cb9e1db009"`;

exports[`should export specific frames by id even without the shape: prefix 1`] = `"e8df2f859cc94d8ca5b4c7653775499616666d1fd4bca0d99c7699cb9e1db009"`;

exports[`should export specific frames by name 1`] = `"e8df2f859cc94d8ca5b4c7653775499616666d1fd4bca0d99c7699cb9e1db009"`;

exports[`should export the entire image if multiple frames are present and --frames is not set 1`] = `"448100c65c668a0ea48402dae19102e248d235a40047965be849351ad26986d4"`;

exports[`should save the file to a specific directory when specified 1`] = `"9fb348e37e574a11d5948b7c89d26479090e038383b7260e16018bec7b696b99"`;
