// Vitest Snapshot v1, https://vitest.dev/guide/snapshot.html

exports[`should convert the tldraw url to a png when specified 1`] = `"9fb348e37e574a11d5948b7c89d26479090e038383b7260e16018bec7b696b99"`;

exports[`should convert the tldraw url to an svg in the current folder by default 1`] = `"e48f33d96c7cf113b4fafed71bc8e38bce540eef9bf56d0e2a93adad9c3e9c2b"`;

exports[`should convert the tldraw url to an svg when specified 1`] = `"e48f33d96c7cf113b4fafed71bc8e38bce540eef9bf56d0e2a93adad9c3e9c2b"`;

exports[`should save the file to a specific directory when specified 1`] = `"9fb348e37e574a11d5948b7c89d26479090e038383b7260e16018bec7b696b99"`;
